error: Invalid pallet::error, expect item enum
  --> $DIR/error_wrong_item.rs:19:2
   |
19 |     pub struct Foo;
   |     ^^^
