error: Invalid pallet::constant in pallet::config, expect type trait item
 --> $DIR/trait_invalid_item.rs:9:3
  |
9 |         const U: u8 = 3;
  |         ^^^^^
